First building id/name, followed by Enter: Second building id/name, followed by Enter: Unknown building: [93]
Unknown building: [143]
